#-----------------------------------------------------------
# Vivado v2018.2 (64-bit)
# SW Build 2258646 on Thu Jun 14 20:03:12 MDT 2018
# IP Build 2256618 on Thu Jun 14 22:10:49 MDT 2018
# Start of session at: Tue Jan 23 12:08:07 2024
# Process ID: 668
# Current directory: C:/Users/haoxu/Documents/m152a/lab1
# Command line: vivado.exe -gui_launcher_event rodinguilauncherevent10356 C:\Users\haoxu\Documents\m152a\lab1\lab1.xpr
# Log file: C:/Users/haoxu/Documents/m152a/lab1/vivado.log
# Journal file: C:/Users/haoxu/Documents/m152a/lab1\vivado.jou
#-----------------------------------------------------------
start_gui
open_project C:/Users/haoxu/Documents/m152a/lab1/lab1.xpr
update_compile_order -fileset sources_1
launch_simulation
source tb.tcl
run all
close_sim
launch_simulation
source tb.tcl
run all
close_sim
launch_simulation
source tb.tcl
current_wave_config {Untitled 3}
add_wave {{/tb/uut_/clk_en}} 
run all
run all
close_sim
launch_simulation
source tb.tcl
run all
close_sim
launch_simulation
source tb.tcl
run all
close_sim
launch_simulation
source tb.tcl
run all
close_sim
launch_simulation
source tb.tcl
run all
close_sim
launch_simulation
source tb.tcl
run all
close_sim
launch_simulation
source tb.tcl
run all
close_sim
launch_simulation
source tb.tcl
run all
close_sim
